WARNING:root:Coremltools is not installed. If you plan to use a CoreML Saved Model, reinstall basic-pitch with `pip install 'basic-pitch[coreml]'`
WARNING:root:tflite-runtime is not installed. If you plan to use a TFLite Model, reinstall basic-pitch with `pip install 'basic-pitch tflite-runtime'` or `pip install 'basic-pitch[tf]'
WARNING:root:Tensorflow is not installed. If you plan to use a TF Saved Model, reinstall basic-pitch with `pip install 'basic-pitch[tf]'`
INFO:     Started server process [15640]
INFO:     Waiting for application startup.
INFO:     Application startup complete.
INFO:     Uvicorn running on http://127.0.0.1:8000 (Press CTRL+C to quit)
ERROR:    Exception in ASGI application
Traceback (most recent call last):
  File "C:\Users\HP\Documents\GitHub\music-generator-ai\.venv\lib\site-packages\uvicorn\protocols\http\httptools_impl.py", line 409, in run_asgi
    result = await app(  # type: ignore[func-returns-value]
  File "C:\Users\HP\Documents\GitHub\music-generator-ai\.venv\lib\site-packages\uvicorn\middleware\proxy_headers.py", line 60, in __call__
    return await self.app(scope, receive, send)
  File "C:\Users\HP\Documents\GitHub\music-generator-ai\.venv\lib\site-packages\fastapi\applications.py", line 1139, in __call__
    await super().__call__(scope, receive, send)
  File "C:\Users\HP\Documents\GitHub\music-generator-ai\.venv\lib\site-packages\starlette\applications.py", line 112, in __call__
    await self.middleware_stack(scope, receive, send)
  File "C:\Users\HP\Documents\GitHub\music-generator-ai\.venv\lib\site-packages\starlette\middleware\errors.py", line 187, in __call__
    raise exc
  File "C:\Users\HP\Documents\GitHub\music-generator-ai\.venv\lib\site-packages\starlette\middleware\errors.py", line 165, in __call__
    await self.app(scope, receive, _send)
  File "C:\Users\HP\Documents\GitHub\music-generator-ai\.venv\lib\site-packages\starlette\middleware\cors.py", line 85, in __call__
    await self.app(scope, receive, send)
  File "C:\Users\HP\Documents\GitHub\music-generator-ai\.venv\lib\site-packages\starlette\middleware\exceptions.py", line 62, in __call__
    await wrap_app_handling_exceptions(self.app, conn)(scope, receive, send)
  File "C:\Users\HP\Documents\GitHub\music-generator-ai\.venv\lib\site-packages\starlette\_exception_handler.py", line 53, in wrapped_app
    raise exc
  File "C:\Users\HP\Documents\GitHub\music-generator-ai\.venv\lib\site-packages\starlette\_exception_handler.py", line 42, in wrapped_app
    await app(scope, receive, sender)
  File "C:\Users\HP\Documents\GitHub\music-generator-ai\.venv\lib\site-packages\fastapi\middleware\asyncexitstack.py", line 18, in __call__
    await self.app(scope, receive, send)
  File "C:\Users\HP\Documents\GitHub\music-generator-ai\.venv\lib\site-packages\starlette\routing.py", line 715, in __call__
    await self.middleware_stack(scope, receive, send)
  File "C:\Users\HP\Documents\GitHub\music-generator-ai\.venv\lib\site-packages\starlette\routing.py", line 735, in app
    await route.handle(scope, receive, send)
  File "C:\Users\HP\Documents\GitHub\music-generator-ai\.venv\lib\site-packages\starlette\routing.py", line 288, in handle
    await self.app(scope, receive, send)
  File "C:\Users\HP\Documents\GitHub\music-generator-ai\.venv\lib\site-packages\fastapi\routing.py", line 120, in app
    await wrap_app_handling_exceptions(app, request)(scope, receive, send)
  File "C:\Users\HP\Documents\GitHub\music-generator-ai\.venv\lib\site-packages\starlette\_exception_handler.py", line 53, in wrapped_app
    raise exc
  File "C:\Users\HP\Documents\GitHub\music-generator-ai\.venv\lib\site-packages\starlette\_exception_handler.py", line 42, in wrapped_app
    await app(scope, receive, sender)
  File "C:\Users\HP\Documents\GitHub\music-generator-ai\.venv\lib\site-packages\fastapi\routing.py", line 106, in app
    response = await f(request)
  File "C:\Users\HP\Documents\GitHub\music-generator-ai\.venv\lib\site-packages\fastapi\routing.py", line 430, in app
    raw_response = await run_endpoint_function(
  File "C:\Users\HP\Documents\GitHub\music-generator-ai\.venv\lib\site-packages\fastapi\routing.py", line 316, in run_endpoint_function
    return await dependant.call(**values)
  File "C:\Users\HP\Documents\GitHub\music-generator-ai\backend\app\inference.py", line 1379, in transcribe_audio
    return run_basic_pitch(raw, file.filename or "audio.wav")
  File "C:\Users\HP\Documents\GitHub\music-generator-ai\backend\app\inference.py", line 1257, in run_basic_pitch
    transcription = _transcribe_and_mood(file_bytes)
  File "C:\Users\HP\Documents\GitHub\music-generator-ai\backend\app\inference.py", line 1065, in _transcribe_and_mood
    audio = _read_audio_bytes(audio_bytes, sample_rate)
  File "C:\Users\HP\Documents\GitHub\music-generator-ai\backend\app\inference.py", line 462, in _read_audio_bytes
    audio, _ = librosa.load(buf, sr=target_sr, mono=True)
  File "C:\Users\HP\Documents\GitHub\music-generator-ai\.venv\lib\site-packages\librosa\core\audio.py", line 186, in load
    raise exc
  File "C:\Users\HP\Documents\GitHub\music-generator-ai\.venv\lib\site-packages\librosa\core\audio.py", line 176, in load
    y, sr_native = __soundfile_load(path, offset, duration, dtype)
  File "C:\Users\HP\Documents\GitHub\music-generator-ai\.venv\lib\site-packages\librosa\core\audio.py", line 209, in __soundfile_load
    context = sf.SoundFile(path)
  File "C:\Users\HP\Documents\GitHub\music-generator-ai\.venv\lib\site-packages\soundfile.py", line 690, in __init__
    self._file = self._open(file, mode_int, closefd)
  File "C:\Users\HP\Documents\GitHub\music-generator-ai\.venv\lib\site-packages\soundfile.py", line 1265, in _open
    raise LibsndfileError(err, prefix="Error opening {0!r}: ".format(self.name))
soundfile.LibsndfileError: Error opening <_io.BytesIO object at 0x000002898A031F90>: Format not recognised.
